============================= test session starts =============================
platform win32 -- Python 3.12.7, pytest-8.0.0, pluggy-1.6.0 -- C:\Users\mikir\anaconda3\python.exe
cachedir: .pytest_cache
rootdir: C:\Users\mikir\OneDrive\デスクトップ\meerkat_quake
plugins: anyio-4.11.0, mock-3.15.1
collecting ... collected 0 items / 1 error

=================================== ERRORS ====================================
________________ ERROR collecting tests/test_quake_service.py _________________
ImportError while importing test module 'C:\Users\mikir\OneDrive\デスクトップ\meerkat_quake\tests\test_quake_service.py'.
Hint: make sure your test modules/packages have valid Python names.
Traceback:
..\..\..\anaconda3\Lib\importlib\__init__.py:90: in import_module
    return _bootstrap._gcd_import(name[level:], package, level)
tests\test_quake_service.py:5: in <module>
    from app.services.quake_service import QuakeService
E   ModuleNotFoundError: No module named 'app'
=========================== short test summary info ===========================
ERROR tests/test_quake_service.py
!!!!!!!!!!!!!!!!!!! Interrupted: 1 error during collection !!!!!!!!!!!!!!!!!!!!
============================== 1 error in 0.28s ===============================
